Traceback (most recent call last):
  File "C:\Users\abena\quantum-advantage-protein-folding\scripts\nmr_gate.py", line 144, in <module>
    main()
    ~~~~^^
  File "C:\Users\abena\quantum-advantage-protein-folding\scripts\nmr_gate.py", line 138, in main
    json.dump(res, open(fj, "w"))
    ~~~~~~~~~^^^^^^^^^^^^^^^^^^^^
  File "C:\Users\abena\miniforge_3\Lib\json\__init__.py", line 181, in dump
    for chunk in iterable:
                 ^^^^^^^^
  File "C:\Users\abena\miniforge_3\Lib\json\encoder.py", line 435, in _iterencode
    yield from _iterencode_dict(o, _current_indent_level)
  File "C:\Users\abena\miniforge_3\Lib\json\encoder.py", line 409, in _iterencode_dict
    yield from chunks
  File "C:\Users\abena\miniforge_3\Lib\json\encoder.py", line 328, in _iterencode_list
    yield from chunks
  File "C:\Users\abena\miniforge_3\Lib\json\encoder.py", line 442, in _iterencode
    o = _default(o)
  File "C:\Users\abena\miniforge_3\Lib\json\encoder.py", line 182, in default
    raise TypeError(f'Object of type {o.__class__.__name__} '
                    f'is not JSON serializable')
TypeError: Object of type int64 is not JSON serializable
