== 1UBQ_p19_N8_o0_g0  (jacobian 0.9s, total 1.1s)  t50_S=11 t50_F=12
  eps 0.01    S   peak      61 maxbias 0.1407 tc_gate  1 tokD0.5  1 tokD1  1 tokPoly  3 D_full 28.28 dphi_full(A) [-1.4311, 0.3139, -1.204, -0.1938] sd [0.0813, 0.0225, 0.0806, 0.0082] gain_gate [5.530451935970192e+27, 3.648023400774383e+28, 6.040244078286071e+27, 4.086019163163474e+29] gain_mse [14.21, 12.41, 162.9, 25.87]
  eps 0.01    F   peak      61 maxbias 0.4426 tc_gate  1 tokD0.5  1 tokD1  1 tokPoly  3 tokNC  2 D_full 143.87 dphi_full(A) [1.74, -0.3886, 2.7501, 0.186] sd [0.0168, 0.0048, 0.0209, 0.0044] gain_gate [2.766155159904924e+27, 3.587008279296653e+30, 1.6505082067220605e+27, 3.451252204790879e+29] gain_mse [1948.85, 8.26, 1948.92, 2.5]
  eps 0.01    Fnc peak      61 maxbias 0.5758 tc_gate  1 tokD0.5  1 tokD1  1 tokPoly  3 D_full 183.51 dphi_full(A) [-0.2541, 0.6354, -2.1103, -0.2322] sd [0.0168, 0.0048, 0.0209, 0.0044] gain_gate [2.766155159904924e+27, 3.587008279296653e+30, 1.6505082067220605e+27, 3.451252204790879e+29] gain_mse [13.0, 780.76, 2574.96, 2.15]
  eps 0.003   S   peak     434 maxbias 0.0886 tc_gate  2 tokD0.5  1 tokD1  2 tokPoly  3 D_full 17.15 dphi_full(A) [-1.0069, 0.1923, -0.8727, -0.1046] sd [0.0813, 0.0225, 0.0806, 0.0082] gain_gate [29933.9, 320.1, 10490.9, 139.2] gain_mse [25.97, 9.26, 97.08, 2.04]
  eps 0.003   F   peak     434 maxbias 0.2259 tc_gate  2 tokD0.5  2 tokD1  2 tokPoly  3 tokNC  2 D_full 63.40 dphi_full(A) [0.8385, -0.1903, 1.0945, 0.0427] sd [0.0168, 0.0048, 0.0209, 0.0044] gain_gate [44907.7, 491.0, 8248.4, 37.0] gain_mse [1211.86, 5.76, 40.22, 3.19]
  eps 0.003   Fnc peak     434 maxbias 0.3039 tc_gate  2 tokD0.5  1 tokD1  2 tokPoly  3 D_full 117.81 dphi_full(A) [-0.4769, 0.325, -1.7668, -0.1704] sd [0.0168, 0.0048, 0.0209, 0.0044] gain_gate [44907.7, 491.0, 8248.4, 37.0] gain_mse [7.49, 462.67, 2908.04, 8.09]
  eps 0.001   S   peak    2665 maxbias 0.0518 tc_gate  4 tokD0.5  2 tokD1  4 tokPoly  5 D_full 11.84 dphi_full(A) [-0.8009, -0.0151, -0.8985, -0.047] sd [0.0813, 0.0225, 0.0806, 0.0082] gain_gate [52.1, 8.0, 178.8, 5.2] gain_mse [12.26, 1.45, 79.79, 2.66]
  eps 0.001   F   peak    2665 maxbias 0.0929 tc_gate  2 tokD0.5  2 tokD1  2 tokPoly  3 tokNC  3 D_full 14.16 dphi_full(A) [0.1581, -0.0121, 0.0396, 0.0081] sd [0.0168, 0.0048, 0.0209, 0.0044] gain_gate [44907.7, 491.0, 8248.4, 37.0] gain_mse [52.82, 1.28, 1.96, 1.53]
  eps 0.001   Fnc peak    2665 maxbias 0.2368 tc_gate  2 tokD0.5  2 tokD1  2 tokPoly  3 D_full 80.04 dphi_full(A) [-0.5111, 0.2331, -1.3318, -0.0851] sd [0.0168, 0.0048, 0.0209, 0.0044] gain_gate [44907.7, 491.0, 8248.4, 37.0] gain_mse [6.61, 22.77, 1009.95, 2.32]
  eps 0.0003  S   peak   12060 maxbias 0.0164 tc_gate 10 tokD0.5  3 tokD1  5 tokPoly 13 D_full 4.14 dphi_full(A) [-0.2345, -0.0119, -0.328, -0.0032] sd [0.0813, 0.0225, 0.0806, 0.0082] gain_gate [2.9, 2.1, 6.9, 1.5] gain_mse [5.23, 1.28, 17.58, 1.15]
  eps 0.0003  F   peak   12060 maxbias 0.0397 tc_gate  3 tokD0.5  2 tokD1  3 tokPoly  6 tokNC  5 D_full 8.64 dphi_full(A) [-0.1429, -0.0005, -0.1563, -0.0085] sd [0.0168, 0.0048, 0.0209, 0.0044] gain_gate [162.4, 119.5, 367.5, 6.3] gain_mse [7.01, 1.01, 13.99, 1.33]
  eps 0.0003  Fnc peak   12060 maxbias 0.0964 tc_gate  3 tokD0.5  2 tokD1  3 tokPoly  6 D_full 23.52 dphi_full(A) [-0.3027, 0.0539, -0.4668, -0.0311] sd [0.0168, 0.0048, 0.0209, 0.0044] gain_gate [162.4, 119.5, 367.5, 6.3] gain_mse [11.82, 7.26, 119.81, 2.01]
  eps 0.0001  S   peak   16063 maxbias 0.0023 tc_gate 17 tokD0.5 17 tokD1 17 tokPoly 17 D_full 0.28 dphi_full(A) [-0.009, 0.0003, -0.0161, -0.0016] sd [0.0813, 0.0225, 0.0806, 0.0082] gain_gate [1.0, 1.0, 1.0, 1.0] gain_mse [1.01, 1.0, 1.04, 1.04]
  eps 0.0001  F   peak   16063 maxbias 0.0073 tc_gate 17 tokD0.5  7 tokD1 13 tokPoly 12 tokNC  7 D_full 1.36 dphi_full(A) [-0.019, -0.0019, -0.0126, 0.0008] sd [0.0168, 0.0048, 0.0209, 0.0044] gain_gate [1.0, 1.0, 1.0, 1.0] gain_mse [2.26, 1.16, 1.36, 1.03]
  eps 0.0001  Fnc peak   16063 maxbias 0.0102 tc_gate 16 tokD0.5  5 tokD1 11 tokPoly 17 D_full 2.07 dphi_full(A) [-0.0326, 0.0029, -0.0398, -0.0015] sd [0.0168, 0.0048, 0.0209, 0.0044] gain_gate [1.1, 1.2, 1.2, 1.0] gain_mse [3.89, 1.38, 4.39, 1.11]
  eps 3e-05   S   peak   16328 maxbias 0.0003 tc_gate 17 tokD0.5 17 tokD1 17 tokPoly 17 D_full 0.02 dphi_full(A) [0.0005, 0.0001, -0.0004, 0.0001] sd [0.0813, 0.0225, 0.0806, 0.0082] gain_gate [1.0, 1.0, 1.0, 1.0] gain_mse [1.0, 1.0, 1.0, 1.0]
  eps 3e-05   F   peak   16328 maxbias 0.0015 tc_gate 17 tokD0.5 17 tokD1 17 tokPoly 17 tokNC 17 D_full 0.33 dphi_full(A) [-0.0033, -0.0005, -0.0003, -0.0] sd [0.0168, 0.0048, 0.0209, 0.0044] gain_gate [1.0, 1.0, 1.0, 1.0] gain_mse [1.04, 1.01, 1.0, 1.0]
  eps 3e-05   Fnc peak   16328 maxbias 0.0015 tc_gate 17 tokD0.5 17 tokD1 17 tokPoly 17 D_full 0.31 dphi_full(A) [-0.0039, -0.0003, -0.0015, -0.0001] sd [0.0168, 0.0048, 0.0209, 0.0044] gain_gate [1.0, 1.0, 1.0, 1.0] gain_mse [1.05, 1.0, 1.01, 1.0]
  M* S {'tc_gate@t50': {'eps': 0.0001, 'Mstar': 16063}, 'tc_gate@full': {'eps': 0.0001, 'Mstar': 16063}, 'tok_D05@t50': {'eps': 0.0001, 'Mstar': 16063}, 'tok_D05@full': {'eps': 0.0001, 'Mstar': 16063}, 'tok_D1@t50': {'eps': 0.0001, 'Mstar': 16063}, 'tok_D1@full': {'eps': 0.0001, 'Mstar': 16063}, 'tok_Dpoly05@t50': {'eps': 0.0003, 'Mstar': 12060}, 'tok_Dpoly05@full': {'eps': 0.0001, 'Mstar': 16063}}
  M* F {'tc_gate@t50': {'eps': 0.0001, 'Mstar': 16063}, 'tc_gate@full': {'eps': 0.0001, 'Mstar': 16063}, 'tok_D05@t50': {'eps': 3e-05, 'Mstar': 16328}, 'tok_D05@full': {'eps': 3e-05, 'Mstar': 16328}, 'tok_D1@t50': {'eps': 0.0001, 'Mstar': 16063}, 'tok_D1@full': {'eps': 3e-05, 'Mstar': 16328}, 'tok_Dpoly05@t50': {'eps': 3e-05, 'Mstar': 16328}, 'tok_Dpoly05@full': {'eps': 3e-05, 'Mstar': 16328}, 'tok_Dnc05@t50': {'eps': 3e-05, 'Mstar': 16328}, 'tok_Dnc05@full': {'eps': 3e-05, 'Mstar': 16328}}
  M* Fnc {'tc_gate@t50': {'eps': 0.0001, 'Mstar': 16063}, 'tc_gate@full': {'eps': 3e-05, 'Mstar': 16328}, 'tok_D05@t50': {'eps': 3e-05, 'Mstar': 16328}, 'tok_D05@full': {'eps': 3e-05, 'Mstar': 16328}, 'tok_D1@t50': {'eps': 3e-05, 'Mstar': 16328}, 'tok_D1@full': {'eps': 3e-05, 'Mstar': 16328}, 'tok_Dpoly05@t50': {'eps': 0.0001, 'Mstar': 16063}, 'tok_Dpoly05@full': {'eps': 0.0001, 'Mstar': 16063}, 'tok_Dnc05@t50': {'eps': None, 'Mstar': None}, 'tok_Dnc05@full': {'eps': None, 'Mstar': None}}
== 1UBQ_p245_N8_o0_g0  (jacobian 0.5s, total 0.6s)  t50_S=5 t50_F=4
  eps 0.01    S   peak      35 maxbias 0.2338 tc_gate  1 tokD0.5  1 tokD1  1 tokPoly  3 D_full 49.30 dphi_full(A) [-0.1729, 0.9271, -0.2856, -0.2626] sd [0.0173, 0.0734, 0.0107, 0.0107] gain_gate [1.6150869124445617e+29, 9.98512561176372e+27, 1.1984261741822857e+29, 1.6516993559564194e+29] gain_mse [8.19, 24.25, 7.08, 6.8]
  eps 0.01    F   peak      35 maxbias 0.5160 tc_gate  1 tokD0.5  1 tokD1  1 tokPoly  3 tokNC  2 D_full 123.78 dphi_full(A) [0.3269, 0.8388, -0.4178, -0.3536] sd [0.0074, 0.0105, 0.0052, 0.0054] gain_gate [5.805292146592117e+27, 9.995773067691657e+27, 3.6881885123115884e+29, 6.923950115588413e+27] gain_mse [1.27, 3974.22, 11.32, 10.25]
  eps 0.01    Fnc peak      35 maxbias 0.6860 tc_gate  2 tokD0.5  1 tokD1  2 tokPoly  3 D_full 257.17 dphi_full(A) [0.3916, 2.1742, -0.6123, -0.4587] sd [0.0074, 0.0105, 0.0052, 0.0054] gain_gate [38.8, 592896.5, 45.2, 42.3] gain_mse [6.55, 17691.44, 50.79, 47.48]
  eps 0.003   S   peak     198 maxbias 0.0783 tc_gate  4 tokD0.5  1 tokD1  4 tokPoly  3 D_full 7.09 dphi_full(A) [0.1088, 0.182, -0.0061, -0.0017] sd [0.0173, 0.0734, 0.0107, 0.0107] gain_gate [5.6, 7855.6, 4.3, 4.1] gain_mse [2.27, 5.31, 1.33, 1.02]
  eps 0.003   F   peak     198 maxbias 0.3633 tc_gate  3 tokD0.5  2 tokD1  3 tokPoly  3 tokNC  3 D_full 130.09 dphi_full(A) [0.3448, 1.2755, -0.1751, -0.1685] sd [0.0074, 0.0105, 0.0052, 0.0054] gain_gate [6.0, 26394.8, 5.6, 5.2] gain_mse [6.04, 2831.84, 9.53, 8.85]
  eps 0.003   Fnc peak     198 maxbias 0.4985 tc_gate  2 tokD0.5  2 tokD1  2 tokPoly  3 D_full 182.53 dphi_full(A) [0.3732, 1.8458, -0.2244, -0.1932] sd [0.0074, 0.0105, 0.0052, 0.0054] gain_gate [38.8, 592896.5, 45.2, 42.3] gain_mse [2.51, 13168.91, 14.25, 13.26]
  eps 0.001   S   peak    1413 maxbias 0.0531 tc_gate  4 tokD0.5  3 tokD1  5 tokPoly  7 D_full 6.69 dphi_full(A) [0.031, 0.0328, -0.0171, -0.0098] sd [0.0173, 0.0734, 0.0107, 0.0107] gain_gate [5.6, 7855.6, 4.3, 4.1] gain_mse [1.89, 1.2, 1.31, 1.24]
  eps 0.001   F   peak    1413 maxbias 0.1857 tc_gate  3 tokD0.5  3 tokD1  3 tokPoly  5 tokNC  3 D_full 44.24 dphi_full(A) [0.1131, 0.4283, 0.0026, -0.0047] sd [0.0074, 0.0105, 0.0052, 0.0054] gain_gate [6.0, 26394.8, 5.6, 5.2] gain_mse [4.1, 196.14, 1.08, 1.45]
  eps 0.001   Fnc peak    1413 maxbias 0.2785 tc_gate  3 tokD0.5  2 tokD1  3 tokPoly  5 D_full 67.78 dphi_full(A) [0.1121, 0.705, -0.0137, -0.0077] sd [0.0074, 0.0105, 0.0052, 0.0054] gain_gate [6.0, 26394.8, 5.6, 5.2] gain_mse [3.27, 567.65, 3.41, 3.01]
  eps 0.0003  S   peak    6547 maxbias 0.0135 tc_gate 10 tokD0.5 16 tokD1 17 tokPoly  9 D_full 0.59 dphi_full(A) [-0.0011, -0.0232, -0.0024, -0.002] sd [0.0173, 0.0734, 0.0107, 0.0107] gain_gate [1.1, 6.5, 1.3, 1.3] gain_mse [1.0, 1.1, 1.05, 1.04]
  eps 0.0003  F   peak    6547 maxbias 0.0562 tc_gate  4 tokD0.5  3 tokD1  4 tokPoly  5 tokNC  4 D_full 11.36 dphi_full(A) [0.0357, 0.1022, -0.0068, -0.0101] sd [0.0074, 0.0105, 0.0052, 0.0054] gain_gate [2.8, 1910.3, 2.4, 2.2] gain_mse [2.04, 7.96, 1.65, 1.5]
  eps 0.0003  Fnc peak    6547 maxbias 0.0731 tc_gate  4 tokD0.5  3 tokD1  3 tokPoly  5 D_full 16.27 dphi_full(A) [0.0343, 0.165, -0.0114, -0.0112] sd [0.0074, 0.0105, 0.0052, 0.0054] gain_gate [2.8, 1910.3, 2.4, 2.2] gain_mse [1.54, 7.46, 1.87, 1.71]
  eps 0.0001  S   peak   15791 maxbias 0.0047 tc_gate 17 tokD0.5 16 tokD1 17 tokPoly 17 D_full 0.53 dphi_full(A) [-0.0031, -0.0365, 0.0034, 0.0036] sd [0.0173, 0.0734, 0.0107, 0.0107] gain_gate [1.0, 1.0, 1.0, 1.0] gain_mse [1.03, 1.25, 1.1, 1.11]
  eps 0.0001  F   peak   15791 maxbias 0.0113 tc_gate 16 tokD0.5  6 tokD1  7 tokPoly 13 tokNC 13 D_full 2.76 dphi_full(A) [0.0036, 0.0285, -0.0027, -0.002] sd [0.0074, 0.0105, 0.0052, 0.0054] gain_gate [1.0, 1.1, 1.0, 1.0] gain_mse [1.1, 8.22, 1.09, 1.06]
  eps 0.0001  Fnc peak   15791 maxbias 0.0136 tc_gate  8 tokD0.5  6 tokD1  7 tokPoly 13 D_full 3.91 dphi_full(A) [0.0031, 0.0403, -0.0036, -0.0022] sd [0.0074, 0.0105, 0.0052, 0.0054] gain_gate [1.2, 5.7, 1.2, 1.1] gain_mse [1.1, 12.06, 1.14, 1.09]
  eps 3e-05   S   peak   16342 maxbias 0.0011 tc_gate 17 tokD0.5 17 tokD1 17 tokPoly 17 D_full 0.05 dphi_full(A) [-0.0003, -0.0025, 0.0004, 0.0004] sd [0.0173, 0.0734, 0.0107, 0.0107] gain_gate [1.0, 1.0, 1.0, 1.0] gain_mse [1.0, 1.0, 1.0, 1.0]
  eps 3e-05   F   peak   16342 maxbias 0.0027 tc_gate 17 tokD0.5 12 tokD1 17 tokPoly 17 tokNC 17 D_full 0.53 dphi_full(A) [0.0016, 0.0048, -0.0002, -0.0003] sd [0.0074, 0.0105, 0.0052, 0.0054] gain_gate [1.0, 1.0, 1.0, 1.0] gain_mse [1.04, 1.21, 1.0, 1.0]
  eps 3e-05   Fnc peak   16342 maxbias 0.0028 tc_gate 17 tokD0.5 11 tokD1 17 tokPoly 17 D_full 0.58 dphi_full(A) [0.0015, 0.0056, -0.0002, -0.0004] sd [0.0074, 0.0105, 0.0052, 0.0054] gain_gate [1.0, 1.0, 1.0, 1.0] gain_mse [1.04, 1.28, 1.0, 1.0]
  M* S {'tc_gate@t50': {'eps': 0.0003, 'Mstar': 6547}, 'tc_gate@full': {'eps': 0.0001, 'Mstar': 15791}, 'tok_D05@t50': {'eps': 0.0003, 'Mstar': 6547}, 'tok_D05@full': {'eps': 3e-05, 'Mstar': 16342}, 'tok_D1@t50': {'eps': 0.0003, 'Mstar': 6547}, 'tok_D1@full': {'eps': 0.0003, 'Mstar': 6547}, 'tok_Dpoly05@t50': {'eps': 0.001, 'Mstar': 1413}, 'tok_Dpoly05@full': {'eps': 0.0001, 'Mstar': 15791}}
  M* F {'tc_gate@t50': {'eps': 0.0001, 'Mstar': 15791}, 'tc_gate@full': {'eps': 3e-05, 'Mstar': 16342}, 'tok_D05@t50': {'eps': 0.0001, 'Mstar': 15791}, 'tok_D05@full': {'eps': None, 'Mstar': None}, 'tok_D1@t50': {'eps': 0.0001, 'Mstar': 15791}, 'tok_D1@full': {'eps': 3e-05, 'Mstar': 16342}, 'tok_Dpoly05@t50': {'eps': 0.001, 'Mstar': 1413}, 'tok_Dpoly05@full': {'eps': 3e-05, 'Mstar': 16342}, 'tok_Dnc05@t50': {'eps': 0.0001, 'Mstar': 15791}, 'tok_Dnc05@full': {'eps': 3e-05, 'Mstar': 16342}}
  M* Fnc {'tc_gate@t50': {'eps': 0.0001, 'Mstar': 15791}, 'tc_gate@full': {'eps': 3e-05, 'Mstar': 16342}, 'tok_D05@t50': {'eps': 0.0001, 'Mstar': 15791}, 'tok_D05@full': {'eps': None, 'Mstar': None}, 'tok_D1@t50': {'eps': 0.0001, 'Mstar': 15791}, 'tok_D1@full': {'eps': 3e-05, 'Mstar': 16342}, 'tok_Dpoly05@t50': {'eps': 0.001, 'Mstar': 1413}, 'tok_Dpoly05@full': {'eps': 3e-05, 'Mstar': 16342}, 'tok_Dnc05@t50': {'eps': None, 'Mstar': None}, 'tok_Dnc05@full': {'eps': None, 'Mstar': None}}
== 1UBQ_p19_N10_o0_g0  (jacobian 11.0s, total 11.1s)  t50_S=7 t50_F=7
  eps 0.01    S   peak      59 maxbias 0.1582 tc_gate  1 tokD0.5  1 tokD1  1 tokPoly  3 D_full 34.92 dphi_full(A) [-0.4691, 0.975, -2.7696, -0.3062] sd [0.0458, 0.1264, 0.1238, 0.0102] gain_gate [1.6845683853864698e+29, 1.1177180095855523e+28, 3.0737124513381477e+28, 4.7823034782793434e+29] gain_mse [105.84, 7.2, 19.08, 15.76]
  eps 0.01    F   peak      59 maxbias 0.3241 tc_gate  1 tokD0.5  1 tokD1  1 tokPoly  3 tokNC  2 D_full 75.57 dphi_full(A) [-0.0289, 0.51, 2.3803, 0.1533] sd [0.0112, 0.0105, 0.039, 0.0044] gain_gate [5.403317396953299e+28, 1.426633750018408e+28, 6.916991974694943e+26, 5.339895539862441e+29] gain_mse [7.69, 169.2, 297.21, 2.33]
  eps 0.01    Fnc peak      59 maxbias 0.5645 tc_gate  1 tokD0.5  1 tokD1  1 tokPoly  3 D_full 220.24 dphi_full(A) [-1.2732, -1.8029, -3.3354, -0.509] sd [0.0112, 0.0105, 0.039, 0.0044] gain_gate [5.403317396953299e+28, 1.426633750018408e+28, 6.916991974694943e+26, 5.339895539862441e+29] gain_mse [2782.81, 5660.37, 2.8, 38.25]
  eps 0.003   S   peak     464 maxbias 0.0926 tc_gate  2 tokD0.5  2 tokD1  2 tokPoly  3 D_full 13.66 dphi_full(A) [-0.4864, 0.219, 0.7798, -0.0575] sd [0.0458, 0.1264, 0.1238, 0.0102] gain_gate [7180.4, 1933.1, 13486.3, 89.3] gain_mse [69.76, 1.45, 5.79, 10.16]
  eps 0.003   F   peak     464 maxbias 0.1725 tc_gate  2 tokD0.5  2 tokD1  2 tokPoly  3 tokNC  2 D_full 42.23 dphi_full(A) [-0.28, -0.0024, 1.3826, 0.0024] sd [0.0112, 0.0105, 0.039, 0.0044] gain_gate [6848.2, 12024.8, 8840.2, 38.2] gain_mse [113.31, 1.05, 180.89, 1.3]
  eps 0.003   Fnc peak     464 maxbias 0.5517 tc_gate  2 tokD0.5  1 tokD1  2 tokPoly  3 D_full 192.44 dphi_full(A) [-1.0585, -1.6332, -2.7235, -0.4365] sd [0.0112, 0.0105, 0.039, 0.0044] gain_gate [6848.2, 12024.8, 8840.2, 38.2] gain_mse [773.19, 3886.06, 2.5, 3.46]
  eps 0.001   S   peak    3569 maxbias 0.0288 tc_gate  3 tokD0.5  2 tokD1  2 tokPoly  5 D_full 7.30 dphi_full(A) [-0.1453, -0.8631, -0.3197, -0.0243] sd [0.0458, 0.1264, 0.1238, 0.0102] gain_gate [143.7, 86.5, 113.6, 9.9] gain_mse [9.68, 38.34, 1.59, 1.81]
  eps 0.001   F   peak    3569 maxbias 0.1135 tc_gate  2 tokD0.5  2 tokD1  2 tokPoly  3 tokNC  3 D_full 33.42 dphi_full(A) [-0.2417, -0.2183, 0.5194, -0.0357] sd [0.0112, 0.0105, 0.039, 0.0044] gain_gate [6848.2, 12024.8, 8840.2, 38.2] gain_mse [177.47, 168.78, 44.13, 2.13]
  eps 0.001   Fnc peak    3569 maxbias 0.5084 tc_gate  2 tokD0.5  2 tokD1  2 tokPoly  3 D_full 155.63 dphi_full(A) [-0.7364, -1.3375, -2.6481, -0.3446] sd [0.0112, 0.0105, 0.039, 0.0044] gain_gate [6848.2, 12024.8, 8840.2, 38.2] gain_mse [456.28, 1312.22, 9.18, 2.58]
  eps 0.0003  S   peak   29942 maxbias 0.0134 tc_gate 12 tokD0.5  3 tokD1 13 tokPoly 12 D_full 1.43 dphi_full(A) [-0.0469, -0.1379, -0.0149, -0.0028] sd [0.0458, 0.1264, 0.1238, 0.0102] gain_gate [1.1, 1.4, 1.3, 1.0] gain_mse [1.35, 1.25, 1.01, 1.08]
  eps 0.0003  F   peak   29942 maxbias 0.1187 tc_gate  3 tokD0.5  2 tokD1  3 tokPoly  5 tokNC  4 D_full 31.63 dphi_full(A) [-0.15, -0.298, -0.0471, -0.0613] sd [0.0112, 0.0105, 0.039, 0.0044] gain_gate [113.3, 189.0, 33.9, 6.5] gain_mse [55.44, 68.12, 1.7, 2.75]
  eps 0.0003  Fnc peak   29942 maxbias 0.3536 tc_gate  3 tokD0.5  2 tokD1  2 tokPoly  5 D_full 98.71 dphi_full(A) [-0.3788, -0.8731, -1.8019, -0.2184] sd [0.0112, 0.0105, 0.039, 0.0044] gain_gate [113.3, 189.0, 33.9, 6.5] gain_mse [133.83, 234.98, 3.62, 4.5]
  eps 0.0001  S   peak  170818 maxbias 0.0031 tc_gate 17 tokD0.5 17 tokD1 17 tokPoly 17 D_full 0.27 dphi_full(A) [-0.0005, 0.0207, 0.0082, -0.0014] sd [0.0458, 0.1264, 0.1238, 0.0102] gain_gate [1.0, 1.0, 1.0, 1.0] gain_mse [1.0, 1.03, 1.0, 1.02]
  eps 0.0001  F   peak  170818 maxbias 0.0675 tc_gate  4 tokD0.5  3 tokD1  4 tokPoly  7 tokNC  5 D_full 16.33 dphi_full(A) [-0.0671, -0.1564, 0.0387, -0.0271] sd [0.0112, 0.0105, 0.039, 0.0044] gain_gate [12.8, 36.6, 6.7, 3.4] gain_mse [15.36, 29.77, 1.38, 3.52]
  eps 0.0001  Fnc peak  170818 maxbias 0.1130 tc_gate  3 tokD0.5  2 tokD1  3 tokPoly  6 D_full 35.72 dphi_full(A) [-0.1411, -0.332, -0.4915, -0.0764] sd [0.0112, 0.0105, 0.039, 0.0044] gain_gate [113.3, 189.0, 33.9, 6.5] gain_mse [29.92, 69.89, 2.56, 3.55]
  eps 3e-05   S   peak  256643 maxbias 0.0008 tc_gate 17 tokD0.5 17 tokD1 17 tokPoly 17 D_full 0.07 dphi_full(A) [0.0017, 0.0011, -0.0073, -0.0] sd [0.0458, 0.1264, 0.1238, 0.0102] gain_gate [1.0, 1.0, 1.0, 1.0] gain_mse [1.0, 1.0, 1.0, 1.0]
  eps 3e-05   F   peak  256643 maxbias 0.0075 tc_gate 17 tokD0.5  4 tokD1  6 tokPoly  9 tokNC  8 D_full 1.41 dphi_full(A) [-0.0067, -0.0105, 0.0279, -0.0013] sd [0.0112, 0.0105, 0.039, 0.0044] gain_gate [1.0, 1.0, 1.0, 1.0] gain_mse [1.36, 2.01, 1.51, 1.09]
  eps 3e-05   Fnc peak  256643 maxbias 0.0110 tc_gate  7 tokD0.5  4 tokD1  5 tokPoly  9 D_full 2.78 dphi_full(A) [-0.0148, -0.0255, -0.006, -0.0058] sd [0.0112, 0.0105, 0.039, 0.0044] gain_gate [1.6, 3.9, 3.4, 1.7] gain_mse [2.74, 6.93, 1.02, 2.79]
  M* S {'tc_gate@t50': {'eps': 0.0003, 'Mstar': 29942}, 'tc_gate@full': {'eps': 0.0001, 'Mstar': 170818}, 'tok_D05@t50': {'eps': 0.0001, 'Mstar': 170818}, 'tok_D05@full': {'eps': 0.0001, 'Mstar': 170818}, 'tok_D1@t50': {'eps': 0.0003, 'Mstar': 29942}, 'tok_D1@full': {'eps': 0.0001, 'Mstar': 170818}, 'tok_Dpoly05@t50': {'eps': 0.0003, 'Mstar': 29942}, 'tok_Dpoly05@full': {'eps': 0.0001, 'Mstar': 170818}}
  M* F {'tc_gate@t50': {'eps': 3e-05, 'Mstar': 256643}, 'tc_gate@full': {'eps': 3e-05, 'Mstar': 256643}, 'tok_D05@t50': {'eps': None, 'Mstar': None}, 'tok_D05@full': {'eps': None, 'Mstar': None}, 'tok_D1@t50': {'eps': None, 'Mstar': None}, 'tok_D1@full': {'eps': None, 'Mstar': None}, 'tok_Dpoly05@t50': {'eps': 3e-05, 'Mstar': 256643}, 'tok_Dpoly05@full': {'eps': None, 'Mstar': None}, 'tok_Dnc05@t50': {'eps': 3e-05, 'Mstar': 256643}, 'tok_Dnc05@full': {'eps': None, 'Mstar': None}}
  M* Fnc {'tc_gate@t50': {'eps': None, 'Mstar': None}, 'tc_gate@full': {'eps': None, 'Mstar': None}, 'tok_D05@t50': {'eps': None, 'Mstar': None}, 'tok_D05@full': {'eps': None, 'Mstar': None}, 'tok_D1@t50': {'eps': None, 'Mstar': None}, 'tok_D1@full': {'eps': None, 'Mstar': None}, 'tok_Dpoly05@t50': {'eps': 3e-05, 'Mstar': 256643}, 'tok_Dpoly05@full': {'eps': None, 'Mstar': None}, 'tok_Dnc05@t50': {'eps': None, 'Mstar': None}, 'tok_Dnc05@full': {'eps': None, 'Mstar': None}}
== 1UBQ_p245_N10_o0_g0  (jacobian 10.9s, total 11.1s)  t50_S=8 t50_F=8
  eps 0.01    S   peak      37 maxbias 0.2415 tc_gate  1 tokD0.5  1 tokD1  1 tokPoly  3 D_full 42.30 dphi_full(A) [1.3792, -2.4215, -0.6593, 0.0692] sd [0.1571, 0.1085, 0.0174, 0.0513] gain_gate [2.166626144295589e+28, 6.231344255754968e+27, 4.594633648588664e+29, 6.04354288753355e+28] gain_mse [5.46, 80.0, 6.04, 2.82]
  eps 0.01    F   peak      37 maxbias 0.3401 tc_gate  1 tokD0.5  1 tokD1  1 tokPoly  3 tokNC  2 D_full 101.07 dphi_full(A) [1.0939, -1.555, 0.0837, 0.4441] sd [0.0243, 0.0199, 0.0079, 0.0105] gain_gate [1.3786959177353914e+29, 2.5175483714337663e+33, 1.6150209493391694e+34, 7.3417053545675735e+28] gain_mse [359.92, 86.18, 1.23, 4.18]
  eps 0.01    Fnc peak      37 maxbias 0.6059 tc_gate  1 tokD0.5  1 tokD1  1 tokPoly  3 D_full 198.15 dphi_full(A) [3.6629, -2.8261, 0.1377, -1.495] sd [0.0243, 0.0199, 0.0079, 0.0105] gain_gate [1.3786959177353914e+29, 2.5175483714337663e+33, 1.6150209493391694e+34, 7.3417053545675735e+28] gain_mse [247.79, 1655.82, 5.93, 2969.17]
  eps 0.003   S   peak     276 maxbias 0.0473 tc_gate  3 tokD0.5  1 tokD1  2 tokPoly  3 D_full 7.49 dphi_full(A) [-0.1692, -0.5887, 0.0465, -0.3492] sd [0.1571, 0.1085, 0.0174, 0.0513] gain_gate [52.4, 61.0, 12.9, 122.7] gain_mse [1.22, 30.42, 2.2, 31.68]
  eps 0.003   F   peak     276 maxbias 0.2554 tc_gate  3 tokD0.5  2 tokD1  3 tokPoly  3 tokNC  2 D_full 65.05 dphi_full(A) [0.6767, -1.173, 0.1328, 0.1043] sd [0.0243, 0.0199, 0.0079, 0.0105] gain_gate [164.9, 69.1, 5.4, 135.2] gain_mse [89.82, 79.36, 3.05, 4.59]
  eps 0.003   Fnc peak     276 maxbias 0.6059 tc_gate  2 tokD0.5  2 tokD1  2 tokPoly  3 D_full 132.53 dphi_full(A) [2.0307, -1.7982, 0.1862, -1.1142] sd [0.0243, 0.0199, 0.0079, 0.0105] gain_gate [562290.8, 1213.5, 34.4, 1094.1] gain_mse [193.83, 263.25, 1.83, 312.63]
  eps 0.001   S   peak    2806 maxbias 0.0392 tc_gate  3 tokD0.5  2 tokD1  2 tokPoly  4 D_full 4.71 dphi_full(A) [-0.1449, -0.3482, -0.0301, -0.1671] sd [0.1571, 0.1085, 0.0174, 0.0513] gain_gate [52.4, 61.0, 12.9, 122.7] gain_mse [1.18, 11.29, 1.7, 11.61]
  eps 0.001   F   peak    2806 maxbias 0.2494 tc_gate  3 tokD0.5  2 tokD1  3 tokPoly  4 tokNC  4 D_full 57.67 dphi_full(A) [-0.6242, -0.3937, 0.0502, 0.4505] sd [0.0243, 0.0199, 0.0079, 0.0105] gain_gate [164.9, 69.1, 5.4, 135.2] gain_mse [25.96, 57.02, 1.18, 6.58]
  eps 0.001   Fnc peak    2806 maxbias 0.3996 tc_gate  2 tokD0.5  2 tokD1  2 tokPoly  3 D_full 57.23 dphi_full(A) [0.0668, -0.6893, 0.0821, -0.4448] sd [0.0243, 0.0199, 0.0079, 0.0105] gain_gate [562290.8, 1213.5, 34.4, 1094.1] gain_mse [8.59, 134.32, 1.1, 142.73]
  eps 0.0003  S   peak   27484 maxbias 0.0102 tc_gate 14 tokD0.5 10 tokD1 17 tokPoly 17 D_full 0.65 dphi_full(A) [0.021, 0.0273, 0.0097, 0.0026] sd [0.1571, 0.1085, 0.0174, 0.0513] gain_gate [1.4, 1.2, 1.0, 1.3] gain_mse [1.02, 1.06, 1.13, 1.0]
  eps 0.0003  F   peak   27484 maxbias 0.1578 tc_gate  3 tokD0.5  3 tokD1  4 tokPoly  6 tokNC  5 D_full 33.56 dphi_full(A) [-0.5024, -0.127, 0.0222, 0.2611] sd [0.0243, 0.0199, 0.0079, 0.0105] gain_gate [164.9, 69.1, 5.4, 135.2] gain_mse [4.74, 6.41, 1.08, 8.33]
  eps 0.0003  Fnc peak   27484 maxbias 0.2161 tc_gate  3 tokD0.5  3 tokD1  3 tokPoly  6 D_full 29.84 dphi_full(A) [-0.1032, -0.2424, 0.037, -0.237] sd [0.0243, 0.0199, 0.0079, 0.0105] gain_gate [164.9, 69.1, 5.4, 135.2] gain_mse [2.49, 18.82, 1.17, 54.81]
  eps 0.0001  S   peak  139592 maxbias 0.0048 tc_gate 17 tokD0.5 13 tokD1 17 tokPoly 17 D_full 0.49 dphi_full(A) [-0.0008, -0.0219, -0.0053, 0.0132] sd [0.1571, 0.1085, 0.0174, 0.0513] gain_gate [1.0, 1.0, 1.0, 1.0] gain_mse [1.0, 1.04, 1.07, 1.07]
  eps 0.0001  F   peak  139592 maxbias 0.0489 tc_gate  4 tokD0.5  5 tokD1  7 tokPoly  7 tokNC  8 D_full 12.51 dphi_full(A) [-0.242, -0.0003, 0.0076, 0.0883] sd [0.0243, 0.0199, 0.0079, 0.0105] gain_gate [78.3, 9.7, 2.5, 35.7] gain_mse [4.42, 1.0, 1.04, 5.62]
  eps 0.0001  Fnc peak  139592 maxbias 0.0571 tc_gate  4 tokD0.5  4 tokD1  5 tokPoly  7 D_full 11.82 dphi_full(A) [-0.0875, -0.0354, 0.012, -0.0939] sd [0.0243, 0.0199, 0.0079, 0.0105] gain_gate [78.3, 9.7, 2.5, 35.7] gain_mse [2.49, 3.29, 1.04, 18.79]
  eps 3e-05   S   peak  240390 maxbias 0.0010 tc_gate 17 tokD0.5 17 tokD1 17 tokPoly 17 D_full 0.14 dphi_full(A) [-0.0161, 0.0066, 0.0016, -0.0012] sd [0.1571, 0.1085, 0.0174, 0.0513] gain_gate [1.0, 1.0, 1.0, 1.0] gain_mse [1.01, 1.0, 1.01, 1.0]
  eps 3e-05   F   peak  240390 maxbias 0.0068 tc_gate 17 tokD0.5 12 tokD1 15 tokPoly 17 tokNC 16 D_full 1.17 dphi_full(A) [-0.0144, 0.0023, 0.0018, -0.0078] sd [0.0243, 0.0199, 0.0079, 0.0105] gain_gate [1.0, 1.0, 1.0, 1.0] gain_mse [1.35, 1.01, 1.03, 1.55]
  eps 3e-05   Fnc peak  240390 maxbias 0.0147 tc_gate 10 tokD0.5  7 tokD1  9 tokPoly 17 D_full 3.15 dphi_full(A) [0.0069, -0.0046, 0.002, -0.0322] sd [0.0243, 0.0199, 0.0079, 0.0105] gain_gate [3.6, 1.1, 1.1, 3.0] gain_mse [1.08, 1.05, 1.03, 5.58]
  M* S {'tc_gate@t50': {'eps': 0.0003, 'Mstar': 27484}, 'tc_gate@full': {'eps': 0.0001, 'Mstar': 139592}, 'tok_D05@t50': {'eps': 0.0003, 'Mstar': 27484}, 'tok_D05@full': {'eps': 3e-05, 'Mstar': 240390}, 'tok_D1@t50': {'eps': 0.0003, 'Mstar': 27484}, 'tok_D1@full': {'eps': 0.0003, 'Mstar': 27484}, 'tok_Dpoly05@t50': {'eps': 0.0003, 'Mstar': 27484}, 'tok_Dpoly05@full': {'eps': 0.0003, 'Mstar': 27484}}
  M* F {'tc_gate@t50': {'eps': 3e-05, 'Mstar': 240390}, 'tc_gate@full': {'eps': 3e-05, 'Mstar': 240390}, 'tok_D05@t50': {'eps': 3e-05, 'Mstar': 240390}, 'tok_D05@full': {'eps': None, 'Mstar': None}, 'tok_D1@t50': {'eps': 3e-05, 'Mstar': 240390}, 'tok_D1@full': {'eps': None, 'Mstar': None}, 'tok_Dpoly05@t50': {'eps': 3e-05, 'Mstar': 240390}, 'tok_Dpoly05@full': {'eps': 3e-05, 'Mstar': 240390}, 'tok_Dnc05@t50': {'eps': 3e-05, 'Mstar': 240390}, 'tok_Dnc05@full': {'eps': None, 'Mstar': None}}
  M* Fnc {'tc_gate@t50': {'eps': 3e-05, 'Mstar': 240390}, 'tc_gate@full': {'eps': None, 'Mstar': None}, 'tok_D05@t50': {'eps': None, 'Mstar': None}, 'tok_D05@full': {'eps': None, 'Mstar': None}, 'tok_D1@t50': {'eps': 3e-05, 'Mstar': 240390}, 'tok_D1@full': {'eps': None, 'Mstar': None}, 'tok_Dpoly05@t50': {'eps': 3e-05, 'Mstar': 240390}, 'tok_Dpoly05@full': {'eps': 3e-05, 'Mstar': 240390}, 'tok_Dnc05@t50': {'eps': None, 'Mstar': None}, 'tok_Dnc05@full': {'eps': None, 'Mstar': None}}
wrote C:\Users\abena\quantum-advantage-protein-folding\research\experiments\ADVERSARIAL\R1_fi_method\estimator_bias_N10_8.json
