jobs: ['1PGA_p325_N10_o0_g0.json', '1PGA_p390_N10_o0_g0.json', '1UBQ_p19_N10_o0_g0.json', '1UBQ_p19_N10_o1_g0.json', '1PGAHN_p260_N10_o0_g0.json', '1PGAHN_p325_N10_o0_g0.json', '1PGAHN_p390_N10_o0_g0.json', '1UBQHN_p19_N10_o0_g0.json', '1UBQHN_p359_N10_o0_g0.json', '1UBQHN_p487_N10_o0_g0.json', '1UBQHN_p548_N10_o0_g0.json']
EXP_T3=None                        n=35 f_hard med 0.922 (dense 0.928, HN 0.907)  gain med 12.82  joint gain med 7.70 (dense 6.83, HN 8.42)  FI_F/FI_S med 12.5
EXP_T3=3000                        n=35 f_hard med 0.913 (dense 0.923, HN 0.868)  gain med 11.48  joint gain med 6.08 (dense 6.20, HN 6.08)  FI_F/FI_S med 8.8
EXP_T3=1000                        n=35 f_hard med 0.884 (dense 0.913, HN 0.732)  gain med 8.61  joint gain med 3.32 (dense 5.15, HN 3.10)  FI_F/FI_S med 6.4
EXP_T3=500                         n=35 f_hard med 0.627 (dense 0.896, HN 0.201)  gain med 2.68  joint gain med 1.93 (dense 4.11, HN 1.12)  FI_F/FI_S med 3.5
EXP_T3=300                         n=35 f_hard med 0.461 (dense 0.872, HN 0.000)  gain med 1.85  joint gain med 1.40 (dense 3.25, HN 1.00)  FI_F/FI_S med 1.4
EXP_T3=200                         n=35 f_hard med 0.000 (dense 0.848, HN 0.000)  gain med 1.00  joint gain med 1.00 (dense 2.45, HN 1.00)  FI_F/FI_S med 0.5
EXP_T3=130                         n=35 f_hard med 0.000 (dense 0.551, HN 0.000)  gain med 1.00  joint gain med 1.00 (dense 1.44, HN 1.00)  FI_F/FI_S med 0.1
EXP_T3=100                         n=35 f_hard med 0.000 (dense 0.430, HN 0.000)  gain med 1.00  joint gain med 1.00 (dense 1.22, HN 1.00)  FI_F/FI_S med 0.0
EXP_T3=70                          n=35 f_hard med 0.000 (dense 0.000, HN 0.000)  gain med 1.00  joint gain med 1.00 (dense 1.00, HN 1.00)  FI_F/FI_S med 0.0
EXP_T3=50                          n=35 f_hard med 0.000 (dense 0.000, HN 0.000)  gain med 1.00  joint gain med 1.00 (dense 1.00, HN 1.00)  FI_F/FI_S med 0.0
EXP_T3=30                          n=35 f_hard med 0.000 (dense 0.000, HN 0.000)  gain med 1.00  joint gain med 1.00 (dense 1.00, HN 1.00)  FI_F/FI_S med 0.0
GAU_T3=3000                        n=35 f_hard med 0.922 (dense 0.928, HN 0.894)  gain med 12.77  joint gain med 7.33 (dense 6.78, HN 7.60)  FI_F/FI_S med 11.0
GAU_T3=1000                        n=35 f_hard med 0.893 (dense 0.924, HN 0.790)  gain med 9.33  joint gain med 4.06 (dense 6.40, HN 3.48)  FI_F/FI_S med 8.4
GAU_T3=500                         n=35 f_hard med 0.721 (dense 0.913, HN 0.000)  gain med 3.58  joint gain med 1.92 (dense 5.37, HN 1.00)  FI_F/FI_S med 3.4
GAU_T3=300                         n=35 f_hard med 0.000 (dense 0.886, HN 0.000)  gain med 1.00  joint gain med 1.00 (dense 4.16, HN 1.00)  FI_F/FI_S med 0.9
GAU_T3=200                         n=35 f_hard med 0.000 (dense 0.854, HN 0.000)  gain med 1.00  joint gain med 1.00 (dense 2.82, HN 1.00)  FI_F/FI_S med 0.3
GAU_T3=130                         n=35 f_hard med 0.000 (dense 0.768, HN 0.000)  gain med 1.00  joint gain med 1.00 (dense 1.54, HN 1.00)  FI_F/FI_S med 0.0
GAU_T3=100                         n=35 f_hard med 0.000 (dense 0.220, HN 0.000)  gain med 1.00  joint gain med 1.00 (dense 1.09, HN 1.00)  FI_F/FI_S med 0.0
GAU_T3=70                          n=35 f_hard med 0.000 (dense 0.000, HN 0.000)  gain med 1.00  joint gain med 1.00 (dense 1.00, HN 1.00)  FI_F/FI_S med 0.0
GAU_T3=50                          n=35 f_hard med 0.000 (dense 0.000, HN 0.000)  gain med 1.00  joint gain med 1.00 (dense 1.00, HN 1.00)  FI_F/FI_S med 0.0
GAU_T3=30                          n=35 f_hard med 0.000 (dense 0.000, HN 0.000)  gain med 1.00  joint gain med 1.00 (dense 1.00, HN 1.00)  FI_F/FI_S med 0.0
RATIO_T3=None                      n=35 f_hard med 0.937 (dense 0.943, HN 0.915)  gain med 15.96  joint gain med 7.27 (dense 6.10, HN 7.29)  FI_F/FI_S med 8.4
RATIO_T3=3000                      n=35 f_hard med 0.916 (dense 0.939, HN 0.886)  gain med 11.86  joint gain med 5.22 (dense 5.53, HN 5.18)  FI_F/FI_S med 7.0
RATIO_T3=1000                      n=35 f_hard med 0.895 (dense 0.931, HN 0.752)  gain med 9.51  joint gain med 3.32 (dense 4.58, HN 2.59)  FI_F/FI_S med 4.8
RATIO_T3=500                       n=35 f_hard med 0.652 (dense 0.917, HN 0.235)  gain med 2.87  joint gain med 1.78 (dense 3.63, HN 1.12)  FI_F/FI_S med 2.1
RATIO_T3=300                       n=35 f_hard med 0.508 (dense 0.896, HN 0.000)  gain med 2.03  joint gain med 1.34 (dense 2.87, HN 1.00)  FI_F/FI_S med 0.9
RATIO_T3=200                       n=35 f_hard med 0.000 (dense 0.868, HN 0.000)  gain med 1.00  joint gain med 1.00 (dense 2.14, HN 1.00)  FI_F/FI_S med 0.3
RATIO_T3=130                       n=35 f_hard med 0.000 (dense 0.594, HN 0.000)  gain med 1.00  joint gain med 1.00 (dense 1.36, HN 1.00)  FI_F/FI_S med 0.1
RATIO_T3=100                       n=35 f_hard med 0.000 (dense 0.470, HN 0.000)  gain med 1.00  joint gain med 1.00 (dense 1.19, HN 1.00)  FI_F/FI_S med 0.0
RATIO_T3=70                        n=35 f_hard med 0.000 (dense 0.000, HN 0.000)  gain med 1.00  joint gain med 1.00 (dense 1.00, HN 1.00)  FI_F/FI_S med 0.0
RATIO_T3=50                        n=35 f_hard med 0.000 (dense 0.000, HN 0.000)  gain med 1.00  joint gain med 1.00 (dense 1.00, HN 1.00)  FI_F/FI_S med 0.0
RATIO_T3=30                        n=35 f_hard med 0.000 (dense 0.000, HN 0.000)  gain med 1.00  joint gain med 1.00 (dense 1.00, HN 1.00)  FI_F/FI_S med 0.0
EXP_T3=None_withC2eps3e-5          n=35 f_hard med 0.900 (dense 0.885, HN 0.907)  gain med 9.98  joint gain med 6.28 (dense 4.14, HN 8.42)  FI_F/FI_S med 12.5
EXP_T3=3000_withC2eps3e-5          n=35 f_hard med 0.869 (dense 0.880, HN 0.868)  gain med 7.61  joint gain med 5.72 (dense 3.94, HN 6.08)  FI_F/FI_S med 8.8
EXP_T3=1000_withC2eps3e-5          n=35 f_hard med 0.797 (dense 0.870, HN 0.732)  gain med 4.94  joint gain med 3.10 (dense 3.59, HN 3.10)  FI_F/FI_S med 6.4
EXP_T3=500_withC2eps3e-5           n=35 f_hard med 0.517 (dense 0.856, HN 0.201)  gain med 2.07  joint gain med 1.53 (dense 3.04, HN 1.12)  FI_F/FI_S med 3.5
EXP_T3=300_withC2eps3e-5           n=35 f_hard med 0.000 (dense 0.836, HN 0.000)  gain med 1.00  joint gain med 1.00 (dense 2.43, HN 1.00)  FI_F/FI_S med 1.4
EXP_T3=200_withC2eps3e-5           n=35 f_hard med 0.000 (dense 0.803, HN 0.000)  gain med 1.00  joint gain med 1.00 (dense 1.95, HN 1.00)  FI_F/FI_S med 0.5
EXP_T3=130_withC2eps3e-5           n=35 f_hard med 0.000 (dense 0.388, HN 0.000)  gain med 1.00  joint gain med 1.00 (dense 1.26, HN 1.00)  FI_F/FI_S med 0.1
EXP_T3=100_withC2eps3e-5           n=35 f_hard med 0.000 (dense 0.341, HN 0.000)  gain med 1.00  joint gain med 1.00 (dense 1.17, HN 1.00)  FI_F/FI_S med 0.0
EXP_T3=70_withC2eps3e-5            n=35 f_hard med 0.000 (dense 0.000, HN 0.000)  gain med 1.00  joint gain med 1.00 (dense 1.00, HN 1.00)  FI_F/FI_S med 0.0
EXP_T3=50_withC2eps3e-5            n=35 f_hard med 0.000 (dense 0.000, HN 0.000)  gain med 1.00  joint gain med 1.00 (dense 1.00, HN 1.00)  FI_F/FI_S med 0.0
EXP_T3=30_withC2eps3e-5            n=35 f_hard med 0.000 (dense 0.000, HN 0.000)  gain med 1.00  joint gain med 1.00 (dense 1.00, HN 1.00)  FI_F/FI_S med 0.0
GAU_T3=3000_withC2eps3e-5          n=35 f_hard med 0.894 (dense 0.885, HN 0.894)  gain med 9.47  joint gain med 6.24 (dense 4.13, HN 7.60)  FI_F/FI_S med 11.0
GAU_T3=1000_withC2eps3e-5          n=35 f_hard med 0.809 (dense 0.882, HN 0.790)  gain med 5.24  joint gain med 3.48 (dense 4.04, HN 3.48)  FI_F/FI_S med 8.4
GAU_T3=500_withC2eps3e-5           n=35 f_hard med 0.523 (dense 0.872, HN 0.000)  gain med 2.10  joint gain med 1.38 (dense 3.77, HN 1.00)  FI_F/FI_S med 3.4
GAU_T3=300_withC2eps3e-5           n=35 f_hard med 0.000 (dense 0.853, HN 0.000)  gain med 1.00  joint gain med 1.00 (dense 3.00, HN 1.00)  FI_F/FI_S med 0.9
GAU_T3=200_withC2eps3e-5           n=35 f_hard med 0.000 (dense 0.801, HN 0.000)  gain med 1.00  joint gain med 1.00 (dense 2.22, HN 1.00)  FI_F/FI_S med 0.3
GAU_T3=130_withC2eps3e-5           n=35 f_hard med 0.000 (dense 0.679, HN 0.000)  gain med 1.00  joint gain med 1.00 (dense 1.47, HN 1.00)  FI_F/FI_S med 0.0
GAU_T3=100_withC2eps3e-5           n=35 f_hard med 0.000 (dense 0.220, HN 0.000)  gain med 1.00  joint gain med 1.00 (dense 1.09, HN 1.00)  FI_F/FI_S med 0.0
GAU_T3=70_withC2eps3e-5            n=35 f_hard med 0.000 (dense 0.000, HN 0.000)  gain med 1.00  joint gain med 1.00 (dense 1.00, HN 1.00)  FI_F/FI_S med 0.0
GAU_T3=50_withC2eps3e-5            n=35 f_hard med 0.000 (dense 0.000, HN 0.000)  gain med 1.00  joint gain med 1.00 (dense 1.00, HN 1.00)  FI_F/FI_S med 0.0
GAU_T3=30_withC2eps3e-5            n=35 f_hard med 0.000 (dense 0.000, HN 0.000)  gain med 1.00  joint gain med 1.00 (dense 1.00, HN 1.00)  FI_F/FI_S med 0.0
RATIO_T3=None_withC2eps3e-5        n=35 f_hard med 0.914 (dense 0.902, HN 0.915)  gain med 11.67  joint gain med 5.74 (dense 3.72, HN 7.29)  FI_F/FI_S med 8.4
RATIO_T3=3000_withC2eps3e-5        n=35 f_hard med 0.893 (dense 0.898, HN 0.886)  gain med 9.35  joint gain med 4.71 (dense 3.53, HN 5.18)  FI_F/FI_S med 7.0
RATIO_T3=1000_withC2eps3e-5        n=35 f_hard med 0.802 (dense 0.889, HN 0.752)  gain med 5.06  joint gain med 2.59 (dense 3.20, HN 2.59)  FI_F/FI_S med 4.8
RATIO_T3=500_withC2eps3e-5         n=35 f_hard med 0.565 (dense 0.875, HN 0.235)  gain med 2.30  joint gain med 1.44 (dense 2.71, HN 1.12)  FI_F/FI_S med 2.1
RATIO_T3=300_withC2eps3e-5         n=35 f_hard med 0.000 (dense 0.856, HN 0.000)  gain med 1.00  joint gain med 1.00 (dense 2.17, HN 1.00)  FI_F/FI_S med 0.9
RATIO_T3=200_withC2eps3e-5         n=35 f_hard med 0.000 (dense 0.832, HN 0.000)  gain med 1.00  joint gain med 1.00 (dense 1.75, HN 1.00)  FI_F/FI_S med 0.3
RATIO_T3=130_withC2eps3e-5         n=35 f_hard med 0.000 (dense 0.416, HN 0.000)  gain med 1.00  joint gain med 1.00 (dense 1.22, HN 1.00)  FI_F/FI_S med 0.1
RATIO_T3=100_withC2eps3e-5         n=35 f_hard med 0.000 (dense 0.367, HN 0.000)  gain med 1.00  joint gain med 1.00 (dense 1.14, HN 1.00)  FI_F/FI_S med 0.0
RATIO_T3=70_withC2eps3e-5          n=35 f_hard med 0.000 (dense 0.000, HN 0.000)  gain med 1.00  joint gain med 1.00 (dense 1.00, HN 1.00)  FI_F/FI_S med 0.0
RATIO_T3=50_withC2eps3e-5          n=35 f_hard med 0.000 (dense 0.000, HN 0.000)  gain med 1.00  joint gain med 1.00 (dense 1.00, HN 1.00)  FI_F/FI_S med 0.0
RATIO_T3=30_withC2eps3e-5          n=35 f_hard med 0.000 (dense 0.000, HN 0.000)  gain med 1.00  joint gain med 1.00 (dense 1.00, HN 1.00)  FI_F/FI_S med 0.0
wrote C:\Users\abena\quantum-advantage-protein-folding\research\experiments\ADVERSARIAL\R1_fi_method\noise_models.json
