N8 fit eps1e-3 radial_HG3/GLN2|S      tc  4 phi_hat +0.0014 A  |bias|/sd    0.0  cos +0.34  gain_gate       52.1  gain_eff     8.60 (full)
N8 fit eps1e-3 radial_HG3/GLN2|F      tc  2 phi_hat +0.1376 A  |bias|/sd    8.2  cos +0.50  gain_gate    44907.7  gain_eff    71.12 (full)
N8 fit eps1e-3 radial_HG12/ILE3|S     tc  4 phi_hat -0.0524 A  |bias|/sd    2.3  cos +0.21  gain_gate        8.0  gain_eff    29.07 (full)
N8 fit eps1e-3 radial_HG12/ILE3|F     tc  2 phi_hat -0.0314 A  |bias|/sd    6.6  cos +0.68  gain_gate      491.0  gain_eff    45.64 (full)
N8 fit eps1e-3 radial_HA/ILE3|S       tc  4 phi_hat -0.0032 A  |bias|/sd    0.0  cos +0.03  gain_gate      178.8  gain_eff   838.79 (full)
N8 fit eps1e-3 radial_HA/ILE3|F       tc  2 phi_hat +0.0236 A  |bias|/sd    1.1  cos +0.47  gain_gate     8248.4  gain_eff     5.89 (full)
N8 fit eps1e-3 rigid_res2|S           tc  4 phi_hat -0.0248 A  |bias|/sd    3.0  cos +0.87  gain_gate        5.2  gain_eff     6.94 (easy)
N8 fit eps1e-3 rigid_res2|F           tc  2 phi_hat +0.0000 A  |bias|/sd    0.0  cos +0.91  gain_gate       37.0  gain_eff     1.21 (full)
N8 fit eps3e-4 radial_HG3/GLN2|S      tc 10 phi_hat -0.1809 A  |bias|/sd    2.2  cos +0.77  gain_gate        2.9  gain_eff     6.66 (full)
N8 fit eps3e-4 radial_HG3/GLN2|F      tc  3 phi_hat -0.1002 A  |bias|/sd    6.0  cos +0.87  gain_gate      162.4  gain_eff    36.92 (full)
N8 fit eps3e-4 radial_HG12/ILE3|S     tc 10 phi_hat -0.0137 A  |bias|/sd    0.6  cos +0.88  gain_gate        2.1  gain_eff     1.66 (full)
N8 fit eps3e-4 radial_HG12/ILE3|F     tc  3 phi_hat -0.0030 A  |bias|/sd    0.6  cos +0.97  gain_gate      119.5  gain_eff     1.46 (full)
N8 fit eps3e-4 radial_HA/ILE3|S       tc 10 phi_hat -0.1907 A  |bias|/sd    2.4  cos +0.81  gain_gate        6.9  gain_eff     7.14 (full)
N8 fit eps3e-4 radial_HA/ILE3|F       tc  3 phi_hat -0.0814 A  |bias|/sd    3.9  cos +0.77  gain_gate      367.5  gain_eff    16.91 (full)
N8 fit eps3e-4 rigid_res2|S           tc 10 phi_hat -0.0139 A  |bias|/sd    1.7  cos +0.91  gain_gate        1.5  gain_eff     2.43 (easy)
N8 fit eps3e-4 rigid_res2|F           tc  3 phi_hat -0.0059 A  |bias|/sd    1.3  cos +0.98  gain_gate        6.3  gain_eff     2.84 (full)
N8 fit w4      radial_HG3/GLN2|S      tc  3 phi_hat -0.1915 A  |bias|/sd    2.4  cos +0.78  gain_gate      243.2  gain_eff     7.18 (full)
N8 fit w4      radial_HG3/GLN2|F      tc  2 phi_hat +1.2928 A  |bias|/sd   77.0  cos +0.60  gain_gate    44907.7  gain_eff  5929.13 (full)
N8 fit w4      radial_HG12/ILE3|S     tc  3 phi_hat -0.0297 A  |bias|/sd    1.3  cos +0.74  gain_gate       63.7  gain_eff     3.57 (full)
N8 fit w4      radial_HG12/ILE3|F     tc  2 phi_hat +1.4644 A  |bias|/sd  307.9  cos -0.34  gain_gate      491.0  gain_eff 1000000094807.48 (full)
N8 fit w4      radial_HA/ILE3|S       tc  3 phi_hat +0.7464 A  |bias|/sd    9.3  cos +0.83  gain_gate      879.7  gain_eff    87.27 (full)
N8 fit w4      radial_HA/ILE3|F       tc  2 phi_hat +7.9629 A  |bias|/sd  381.8  cos +0.85  gain_gate     8248.4  gain_eff 11464.22 (easy)
N8 fit w4      rigid_res2|S           tc  3 phi_hat -0.0521 A  |bias|/sd    6.4  cos +0.79  gain_gate       15.3  gain_eff    25.09 (easy)
N8 fit w4      rigid_res2|F           tc  2 phi_hat +0.2325 A  |bias|/sd   52.5  cos +0.85  gain_gate       37.0  gain_eff    51.14 (easy)
T3=anchor*0.5 {'dense_gain_joint_recomputed_tc_median_max': [1.0, 1.0], 'dense_gain_joint_frozen_tc_median_max': [1.05, 1.29], 'dense_gain_joint_frozen_tc_per_experiment_median_max': [1.01, 1.08], 'dense_FI_F_over_S_median_max': [0.17, 0.56], 'HN_gain_joint_recomputed_tc_median_max': [1.0, 1.0], 'HN_gain_joint_frozen_tc_median_max': [1.01, 1.76], 'HN_gain_joint_frozen_tc_per_experiment_median_max': [1.0, 1.22], 'HN_FI_F_over_S_median_max': [0.05, 1.09], 'all_gain_joint_recomputed_tc_median_max': [1.0, 1.0], 'all_gain_joint_frozen_tc_median_max': [1.02, 1.76], 'all_gain_joint_frozen_tc_per_experiment_median_max': [1.0, 1.22], 'all_FI_F_over_S_median_max': [0.09, 1.09]}
T3=anchor*1.0 {'dense_gain_joint_recomputed_tc_median_max': [1.18, 2.66], 'dense_gain_joint_frozen_tc_median_max': [1.46, 3.68], 'dense_gain_joint_frozen_tc_per_experiment_median_max': [1.12, 1.8], 'dense_FI_F_over_S_median_max': [0.77, 5.05], 'HN_gain_joint_recomputed_tc_median_max': [1.0, 3.94], 'HN_gain_joint_frozen_tc_median_max': [1.16, 6.18], 'HN_gain_joint_frozen_tc_per_experiment_median_max': [1.05, 2.75], 'HN_FI_F_over_S_median_max': [0.39, 8.43], 'all_gain_joint_recomputed_tc_median_max': [1.0, 3.94], 'all_gain_joint_frozen_tc_median_max': [1.23, 6.18], 'all_gain_joint_frozen_tc_per_experiment_median_max': [1.07, 2.75], 'all_FI_F_over_S_median_max': [0.59, 8.43]}
T3=anchor*2.0 {'dense_gain_joint_recomputed_tc_median_max': [2.51, 12.15], 'dense_gain_joint_frozen_tc_median_max': [2.56, 12.15], 'dense_gain_joint_frozen_tc_per_experiment_median_max': [1.45, 4.35], 'dense_FI_F_over_S_median_max': [2.46, 22.0], 'HN_gain_joint_recomputed_tc_median_max': [1.59, 17.11], 'HN_gain_joint_frozen_tc_median_max': [2.07, 17.11], 'HN_gain_joint_frozen_tc_per_experiment_median_max': [1.33, 7.23], 'HN_FI_F_over_S_median_max': [2.13, 31.36], 'all_gain_joint_recomputed_tc_median_max': [1.73, 17.11], 'all_gain_joint_frozen_tc_median_max': [2.19, 17.11], 'all_gain_joint_frozen_tc_per_experiment_median_max': [1.38, 7.23], 'all_FI_F_over_S_median_max': [2.28, 31.36]}
no attenuation, per experiment: {'FI_F_over_S_min_median_max': [3.19, 12.49, 182.61], 'FI_F_over_S_per_experiment_min_median_max': [0.8, 3.12, 45.65], 'gain_joint_min_median_max': [1.69, 7.7, 63.38], 'gain_joint_per_experiment_min_median_max': [1.32, 3.57, 29.42], 'gain_F_only_min_median_max': [1.95, 12.82, 5016.24]}
dephasing gamma 1000 gate-panel best eps0.0001(C2) tcF 6 | all-adversary best eps3e-05(C2) 17 {'radial_HA/GLU16': (0.307, 1.31, 3.4), 'radial_HG22/ILE3': (0.658, 2.7, 21.83), 'radial_HG3/GLN2': (0.288, 1.24, 2.06), 'rigid_res2': (0.18, 1.12, 1.51)}
dephasing gamma 5000 gate-panel best eps0.001 tcF 17 | all-adversary best eps0.001 17 {'radial_HA/GLU16': (0.0, 1.0, 0.18), 'radial_HG22/ILE3': (0.0, 1.0, 1.19), 'radial_HG3/GLN2': (0.0, 1.0, 0.42), 'rigid_res2': (0.0, 1.0, 0.26)}
dephasing gamma 20000 gate-panel best eps0.0001 tcF 17 | all-adversary best eps0.0001 17 {'radial_HA/GLU16': (0.0, 1.0, 0.12), 'radial_HG22/ILE3': (0.0, 1.0, 0.2), 'radial_HG3/GLN2': (0.0, 1.0, 0.2), 'rigid_res2': (0.0, 1.0, 0.07)}
