1PGA_p325_o0       T2 cluster   12.7 us  env(12A)   12.2 us  env powder   13.6 us  -> T3 ~ T2/0.15 =     84 /     81 /     90 us
1PGA_p390_o0       T2 cluster   20.0 us  env(12A)   17.8 us  env powder   12.7 us  -> T3 ~ T2/0.15 =    133 /    119 /     85 us
1UBQ_p19_o0        T2 cluster   13.3 us  env(12A)   12.2 us  env powder   12.7 us  -> T3 ~ T2/0.15 =     89 /     81 /     85 us
1UBQ_p19_o1        T2 cluster   16.7 us  env(12A)   14.4 us  env powder   12.7 us  -> T3 ~ T2/0.15 =    111 /     96 /     85 us
1PGAHN_p260_o0     T2 cluster   28.1 us  env(12A)   28.1 us  env powder   28.4 us  -> T3 ~ T2/0.15 =    188 /    187 /    189 us
1PGAHN_p325_o0     T2 cluster   41.1 us  env(12A)   40.9 us  env powder   29.3 us  -> T3 ~ T2/0.15 =    274 /    273 /    196 us
1PGAHN_p390_o0     T2 cluster   40.6 us  env(12A)   40.3 us  env powder   28.9 us  -> T3 ~ T2/0.15 =    270 /    269 /    193 us
1UBQHN_p19_o0      T2 cluster   32.9 us  env(12A)   32.8 us  env powder   34.1 us  -> T3 ~ T2/0.15 =    219 /    218 /    228 us
1UBQHN_p359_o0     T2 cluster   70.8 us  env(12A)   69.0 us  env powder   38.0 us  -> T3 ~ T2/0.15 =    472 /    460 /    253 us
1UBQHN_p487_o0     T2 cluster   46.3 us  env(12A)   46.2 us  env powder   39.4 us  -> T3 ~ T2/0.15 =    309 /    308 /    262 us
1UBQHN_p548_o0     T2 cluster   55.2 us  env(12A)   54.3 us  env powder   38.7 us  -> T3 ~ T2/0.15 =    368 /    362 /    258 us
FROZEN t_c EXP   T3=None  f_hard med dense 0.928 HN 0.907 | joint gain med dense 6.83 HN 8.42 | FI_F/FI_S dense 9.75 HN 16.22
FROZEN t_c EXP   T3=3000  f_hard med dense 0.923 HN 0.872 | joint gain med dense 6.20 HN 6.08 | FI_F/FI_S dense 8.77 HN 10.90
FROZEN t_c EXP   T3=1000  f_hard med dense 0.913 HN 0.790 | joint gain med dense 5.15 HN 3.25 | FI_F/FI_S dense 6.94 HN 5.06
FROZEN t_c EXP   T3=500   f_hard med dense 0.896 HN 0.699 | joint gain med dense 4.11 HN 1.70 | FI_F/FI_S dense 5.04 HN 1.73
FROZEN t_c EXP   T3=300   f_hard med dense 0.872 HN 0.508 | joint gain med dense 3.25 HN 1.22 | FI_F/FI_S dense 3.56 HN 0.60
FROZEN t_c EXP   T3=200   f_hard med dense 0.848 HN 0.279 | joint gain med dense 2.45 HN 1.04 | FI_F/FI_S dense 2.49 HN 0.18
FROZEN t_c EXP   T3=130   f_hard med dense 0.813 HN 0.107 | joint gain med dense 1.65 HN 1.00 | FI_F/FI_S dense 1.23 HN 0.04
FROZEN t_c EXP   T3=100   f_hard med dense 0.781 HN 0.047 | joint gain med dense 1.35 HN 1.00 | FI_F/FI_S dense 0.75 HN 0.01
FROZEN t_c EXP   T3=70    f_hard med dense 0.688 HN 0.007 | joint gain med dense 1.13 HN 1.00 | FI_F/FI_S dense 0.43 HN 0.00
FROZEN t_c EXP   T3=50    f_hard med dense 0.525 HN 0.000 | joint gain med dense 1.05 HN 1.00 | FI_F/FI_S dense 0.19 HN 0.00
FROZEN t_c EXP   T3=30    f_hard med dense 0.247 HN 0.000 | joint gain med dense 1.00 HN 1.00 | FI_F/FI_S dense 0.04 HN 0.00
FROZEN t_c RATIO T3=None  f_hard med dense 0.943 HN 0.915 | joint gain med dense 6.10 HN 7.29 | FI_F/FI_S dense 7.47 HN 11.79
FROZEN t_c RATIO T3=3000  f_hard med dense 0.939 HN 0.886 | joint gain med dense 5.53 HN 5.18 | FI_F/FI_S dense 6.69 HN 7.84
FROZEN t_c RATIO T3=1000  f_hard med dense 0.931 HN 0.832 | joint gain med dense 4.58 HN 2.82 | FI_F/FI_S dense 5.41 HN 3.67
FROZEN t_c RATIO T3=500   f_hard med dense 0.917 HN 0.722 | joint gain med dense 3.63 HN 1.51 | FI_F/FI_S dense 3.91 HN 1.18
FROZEN t_c RATIO T3=300   f_hard med dense 0.896 HN 0.500 | joint gain med dense 2.87 HN 1.14 | FI_F/FI_S dense 2.71 HN 0.34
FROZEN t_c RATIO T3=200   f_hard med dense 0.868 HN 0.286 | joint gain med dense 2.14 HN 1.03 | FI_F/FI_S dense 1.77 HN 0.12
FROZEN t_c RATIO T3=130   f_hard med dense 0.836 HN 0.108 | joint gain med dense 1.51 HN 1.00 | FI_F/FI_S dense 0.83 HN 0.03
FROZEN t_c RATIO T3=100   f_hard med dense 0.806 HN 0.052 | joint gain med dense 1.27 HN 1.00 | FI_F/FI_S dense 0.51 HN 0.01
FROZEN t_c RATIO T3=70    f_hard med dense 0.711 HN 0.008 | joint gain med dense 1.10 HN 1.00 | FI_F/FI_S dense 0.28 HN 0.00
FROZEN t_c RATIO T3=50    f_hard med dense 0.571 HN 0.000 | joint gain med dense 1.03 HN 1.00 | FI_F/FI_S dense 0.13 HN 0.00
FROZEN t_c RATIO T3=30    f_hard med dense 0.277 HN 0.000 | joint gain med dense 1.00 HN 1.00 | FI_F/FI_S dense 0.02 HN 0.00
wrote C:\Users\abena\quantum-advantage-protein-folding\research\experiments\ADVERSARIAL\R1_fi_method\t2_estimate.json
