golden_k1 kappa=1.298 sse=2.579 anchor_pass=False
   V1 1UBQ_p19_N10 rmse_early 0.105 late 0.166
   V1 1UBQ_p19_N12 rmse_early 0.079 late 0.153
   V1 1UBQ_p245_N10 rmse_early 0.092 late 0.122
   V1 1UBQ_p245_N12 rmse_early 0.076 late 0.122
   V1 1PGA_p325_N10 rmse_early 0.079 late 0.136
   V1 1PGA_p325_N12 rmse_early 0.074 late 0.121
   V1 1UBQHN_p19_N10 rmse_early 0.105 late 0.125
   V1 1UBQHN_p19_N12 rmse_early 0.098 late 0.105
   V2 1UBQ_p19_20us exact12 1.54 ceiling 1.69 model 3.79
   V2 1UBQ_p19_40us exact12 2.61 ceiling 2.89 model 12.71
   V2 1UBQ_p245_20us exact12 1.36 ceiling 1.51 model 2.69
   V2 1UBQ_p245_40us exact12 2.32 ceiling 2.89 model 9.74
   V2 1PGA_p325_20us exact12 1.55 ceiling 1.70 model 2.09
   V2 1PGA_p325_40us exact12 2.62 ceiling 2.89 model 4.27
   pred 1UBQ_p19 N_cone_mean [4.7, 9.2, 16.6, 42.2, 83.7, 209.0, 355.5, 553.9, 608.8, 624.3, 627.1, 628.5]
        size [3.8, 7.1, 12.7, 31.9, 63.0, 157.0, 266.9, 415.7, 456.9, 468.5, 470.6, 471.6] r50 [0.0, 0.0, 3.0, 7.7, 10.2, 16.2, 20.5, 26.1, 29.6, 32.5, 32.5, 32.5]
   pred 1UBQ_p245 N_cone_mean [3.2, 6.7, 12.7, 35.2, 75.2, 200.3, 346.4, 546.7, 606.8, 625.2, 627.5, 628.5]
        size [2.7, 5.3, 9.7, 26.6, 56.6, 150.5, 260.0, 410.3, 455.3, 469.2, 470.9, 471.6] r50 [0.0, 0.0, 0.0, 3.9, 8.2, 13.8, 17.8, 22.8, 22.8, 24.4, 24.4, 24.7]
   pred 1PGA_p325 N_cone_mean [2.5, 3.7, 5.4, 10.6, 19.9, 57.5, 125.2, 286.6, 382.7, 417.6, 418.9, 419.0]
        size [2.1, 3.0, 4.3, 8.2, 15.2, 43.4, 94.1, 215.2, 287.3, 313.4, 314.4, 314.5] r50 [2.3, 2.3, 2.3, 2.6, 2.6, 7.3, 13.1, 18.2, 21.3, 21.3, 21.3, 21.3]
   pred 1PGA_p390 N_cone_mean [2.3, 3.6, 5.7, 12.1, 23.4, 68.2, 135.2, 290.8, 385.1, 417.7, 418.8, 419.0]
        size [2.0, 3.0, 4.5, 9.3, 17.8, 51.4, 101.7, 218.4, 289.1, 313.5, 314.4, 314.5] r50 [0.0, 0.0, 0.0, 0.0, 4.4, 8.2, 13.5, 17.6, 20.4, 20.4, 20.4, 20.4]
   pred 1UBQHN_p19 N_cone_mean [1.2, 1.3, 1.4, 1.4, 1.5, 1.7, 1.9, 2.2, 2.4, 2.8, 3.2, 4.1]
        size [1.1, 1.2, 1.3, 1.3, 1.4, 1.5, 1.7, 1.9, 2.1, 2.4, 2.7, 3.3] r50 [0.0, 0.0, 0.0, 0.0, 0.0, 2.7, 2.7, 2.7, 2.7, 2.7, 2.7, 2.7]
coherent_k1 kappa=0.3362 sse=2.774 anchor_pass=False
   V1 1UBQ_p19_N10 rmse_early 0.086 late 0.174
   V1 1UBQ_p19_N12 rmse_early 0.069 late 0.158
   V1 1UBQ_p245_N10 rmse_early 0.109 late 0.141
   V1 1UBQ_p245_N12 rmse_early 0.083 late 0.135
   V1 1PGA_p325_N10 rmse_early 0.081 late 0.102
   V1 1PGA_p325_N12 rmse_early 0.083 late 0.102
   V1 1UBQHN_p19_N10 rmse_early 0.235 late 0.488
   V1 1UBQHN_p19_N12 rmse_early 0.214 late 0.452
   V2 1UBQ_p19_20us exact12 1.54 ceiling 1.69 model 7.95
   V2 1UBQ_p19_40us exact12 2.61 ceiling 2.89 model 54.71
   V2 1UBQ_p245_20us exact12 1.36 ceiling 1.51 model 6.78
   V2 1UBQ_p245_40us exact12 2.32 ceiling 2.89 model 49.23
   V2 1PGA_p325_20us exact12 1.55 ceiling 1.70 model 4.76
   V2 1PGA_p325_40us exact12 2.62 ceiling 2.89 model 23.04
   pred 1UBQ_p19 N_cone_mean [10.3, 29.1, 72.6, 256.9, 468.5, 613.3, 627.0, 628.8, 629.0, 629.0, 629.0, 629.0]
        size [7.9, 22.1, 54.7, 192.9, 351.6, 460.2, 470.5, 471.8, 472.0, 472.0, 472.0, 472.0] r50 [0.0, 0.0, 3.0, 15.8, 24.4, 32.5, 32.5, 32.5, 32.5, 32.5, 32.5, 32.5]
   pred 1UBQ_p245 N_cone_mean [8.7, 25.7, 65.3, 241.7, 441.8, 607.1, 626.5, 628.8, 629.0, 629.0, 629.0, 629.0]
        size [6.8, 19.5, 49.2, 181.5, 331.6, 455.5, 470.1, 471.9, 472.0, 472.0, 472.0, 472.0] r50 [0.0, 0.0, 0.0, 13.8, 21.6, 24.4, 24.7, 24.7, 24.7, 24.7, 24.7, 24.7]
   pred 1PGA_p325 N_cone_mean [6.0, 13.9, 30.4, 105.7, 226.9, 389.3, 416.6, 419.0, 419.0, 419.0, 419.0, 419.0]
        size [4.8, 10.6, 23.0, 79.5, 170.5, 292.2, 312.7, 314.5, 314.5, 314.5, 314.5, 314.5] r50 [0.0, 0.0, 2.3, 7.5, 16.4, 21.3, 21.3, 21.3, 21.3, 21.3, 21.3, 21.3]
   pred 1PGA_p390 N_cone_mean [6.0, 13.6, 30.0, 108.0, 239.1, 396.1, 417.2, 419.0, 419.0, 419.0, 419.0, 419.0]
        size [4.8, 10.4, 22.8, 81.2, 179.5, 297.3, 313.1, 314.5, 314.5, 314.5, 314.5, 314.5] r50 [0.0, 0.0, 0.0, 7.4, 15.8, 20.4, 20.4, 20.4, 20.4, 20.4, 20.4, 20.4]
   pred 1UBQHN_p19 N_cone_mean [1.4, 1.5, 1.6, 2.1, 2.5, 3.4, 4.9, 8.9, 15.1, 32.6, 50.1, 69.0]
        size [1.3, 1.4, 1.5, 1.8, 2.1, 2.8, 3.9, 6.9, 11.6, 24.7, 37.9, 52.0] r50 [0.0, 0.0, 0.0, 0.0, 0.0, 2.7, 2.7, 2.7, 6.1, 14.9, 20.3, 26.1]
golden_k2 kappa=2.023 sse=4.388 anchor_pass=False
   V1 1UBQ_p19_N10 rmse_early 0.127 late 0.213
   V1 1UBQ_p19_N12 rmse_early 0.105 late 0.207
   V1 1UBQ_p245_N10 rmse_early 0.081 late 0.179
   V1 1UBQ_p245_N12 rmse_early 0.098 late 0.184
   V1 1PGA_p325_N10 rmse_early 0.123 late 0.237
   V1 1PGA_p325_N12 rmse_early 0.124 late 0.208
   V1 1UBQHN_p19_N10 rmse_early 0.098 late 0.122
   V1 1UBQHN_p19_N12 rmse_early 0.093 late 0.119
   V2 1UBQ_p19_20us exact12 1.54 ceiling 1.69 model 1.51
   V2 1UBQ_p19_40us exact12 2.61 ceiling 2.89 model 3.87
   V2 1UBQ_p245_20us exact12 1.36 ceiling 1.51 model 1.34
   V2 1UBQ_p245_40us exact12 2.32 ceiling 2.89 model 2.95
   V2 1PGA_p325_20us exact12 1.55 ceiling 1.70 model 1.67
   V2 1PGA_p325_40us exact12 2.62 ceiling 2.89 model 2.30
   pred 1UBQ_p19 N_cone_mean [1.7, 3.0, 4.8, 11.5, 22.9, 63.9, 130.7, 308.1, 484.7, 604.4, 620.7, 627.1]
        size [1.5, 2.5, 3.9, 8.9, 17.4, 48.2, 98.2, 231.3, 363.8, 453.6, 465.8, 470.6] r50 [0.0, 0.0, 0.0, 5.2, 9.3, 14.1, 17.1, 19.6, 22.7, 27.9, 31.6, 32.5]
   pred 1UBQ_p245 N_cone_mean [1.4, 2.1, 3.6, 8.8, 18.9, 60.8, 131.6, 309.4, 482.2, 608.7, 624.1, 627.5]
        size [1.3, 1.8, 3.0, 6.9, 14.4, 45.8, 98.9, 232.3, 361.9, 456.8, 468.3, 470.8] r50 [0.0, 0.0, 0.0, 3.9, 5.7, 10.4, 11.8, 17.8, 19.6, 22.8, 24.4, 24.4]
   pred 1PGA_p325 N_cone_mean [1.9, 2.3, 2.7, 3.9, 5.8, 13.2, 28.6, 97.5, 204.7, 377.1, 416.5, 419.0]
        size [1.7, 2.0, 2.3, 3.1, 4.6, 10.2, 21.7, 73.4, 153.8, 283.1, 312.6, 314.5] r50 [2.3, 2.3, 2.3, 2.6, 2.6, 7.3, 9.6, 13.4, 16.9, 19.6, 21.3, 21.3]
   pred 1PGA_p390 N_cone_mean [1.1, 1.3, 1.7, 3.2, 5.6, 14.9, 34.9, 111.7, 214.6, 384.3, 417.4, 419.0]
        size [1.1, 1.2, 1.5, 2.7, 4.5, 11.4, 26.4, 84.0, 161.2, 288.5, 313.3, 314.5] r50 [0.0, 0.0, 0.0, 0.0, 2.9, 4.4, 8.2, 13.5, 16.8, 19.1, 20.4, 20.4]
   pred 1UBQHN_p19 N_cone_mean [1.1, 1.1, 1.2, 1.4, 1.6, 1.9, 2.0, 2.0, 2.1, 2.2, 2.4, 3.0]
        size [1.1, 1.1, 1.2, 1.3, 1.4, 1.6, 1.7, 1.8, 1.8, 1.9, 2.0, 2.5] r50 [0.0, 0.0, 0.0, 0.0, 2.7, 2.7, 2.7, 2.7, 2.7, 2.7, 2.7, 2.7]
coherent_k2 kappa=0.6553 sse=2.634 anchor_pass=False
   V1 1UBQ_p19_N10 rmse_early 0.111 late 0.222
   V1 1UBQ_p19_N12 rmse_early 0.091 late 0.211
   V1 1UBQ_p245_N10 rmse_early 0.071 late 0.193
   V1 1UBQ_p245_N12 rmse_early 0.072 late 0.178
   V1 1PGA_p325_N10 rmse_early 0.085 late 0.154
   V1 1PGA_p325_N12 rmse_early 0.084 late 0.147
   V1 1UBQHN_p19_N10 rmse_early 0.226 late 0.525
   V1 1UBQHN_p19_N12 rmse_early 0.200 late 0.502
   V2 1UBQ_p19_20us exact12 1.54 ceiling 1.69 model 1.40
   V2 1UBQ_p19_40us exact12 2.61 ceiling 2.89 model 3.36
   V2 1UBQ_p245_20us exact12 1.36 ceiling 1.51 model 1.29
   V2 1UBQ_p245_40us exact12 2.32 ceiling 2.89 model 2.61
   V2 1PGA_p325_20us exact12 1.55 ceiling 1.70 model 1.37
   V2 1PGA_p325_40us exact12 2.62 ceiling 2.89 model 2.48
   pred 1UBQ_p19 N_cone_mean [1.5, 2.6, 4.2, 9.8, 21.1, 69.0, 161.0, 417.9, 579.1, 625.0, 628.6, 629.0]
        size [1.4, 2.2, 3.4, 7.6, 16.1, 52.0, 121.0, 313.7, 434.6, 469.0, 471.7, 472.0] r50 [0.0, 0.0, 0.0, 3.0, 5.2, 9.5, 14.1, 20.5, 26.1, 32.5, 32.5, 32.5]
   pred 1UBQ_p245 N_cone_mean [1.4, 2.0, 3.1, 7.7, 18.0, 67.2, 163.6, 424.1, 587.8, 627.6, 628.9, 629.0]
        size [1.3, 1.7, 2.6, 6.0, 13.8, 50.7, 123.0, 318.3, 441.1, 470.9, 471.9, 472.0] r50 [0.0, 0.0, 0.0, 2.5, 3.9, 8.5, 10.4, 17.8, 21.9, 24.7, 24.7, 24.7]
   pred 1PGA_p325 N_cone_mean [1.5, 2.0, 3.0, 5.3, 9.6, 28.9, 70.9, 227.8, 368.3, 418.9, 419.0, 419.0]
        size [1.4, 1.8, 2.5, 4.2, 7.5, 22.0, 53.4, 171.1, 276.4, 314.4, 314.5, 314.5] r50 [0.0, 0.0, 2.3, 2.6, 2.6, 5.7, 8.7, 15.1, 18.6, 21.3, 21.3, 21.3]
   pred 1PGA_p390 N_cone_mean [1.3, 1.8, 2.4, 4.9, 10.0, 32.7, 83.0, 247.7, 381.5, 419.0, 419.0, 419.0]
        size [1.2, 1.6, 2.0, 3.9, 7.7, 24.7, 62.5, 186.0, 286.4, 314.5, 314.5, 314.5] r50 [0.0, 0.0, 0.0, 0.0, 3.8, 4.7, 8.2, 15.3, 19.1, 20.4, 20.4, 20.4]
   pred 1UBQHN_p19 N_cone_mean [1.1, 1.2, 1.3, 1.5, 1.8, 2.2, 2.6, 3.6, 4.9, 9.2, 15.8, 39.0]
        size [1.1, 1.1, 1.2, 1.4, 1.6, 1.9, 2.2, 3.0, 3.9, 7.2, 12.1, 29.5] r50 [0.0, 0.0, 0.0, 0.0, 2.7, 2.7, 2.7, 2.7, 4.4, 6.1, 8.7, 15.8]
